
> wardrobe-app@0.0.0 build
> vite build

[36mvite v8.0.10 [32mbuilding client environment for production...[36m[39m
[2Ktransforming...✓ 1733 modules transformed.
[31m✗[39m Build failed in 591ms
[31merror during build:
[31mBuild failed with 1 error:

[plugin vite:css] D:/Personal/Belajar Ngoding/anti-gravity/outfit/wardrobe-app/src/index.css
Failed to load PostCSS config: Failed to load PostCSS config (searchPath: D:/Personal/Belajar Ngoding/anti-gravity/outfit/wardrobe-app): [Error] Loading PostCSS Plugin failed: Cannot find module 'caniuse-lite/dist/unpacker/agents'
Require stack:
- D:\Personal\Belajar Ngoding\anti-gravity\outfit\wardrobe-app\node_modules\browserslist\index.js
- D:\Personal\Belajar Ngoding\anti-gravity\outfit\wardrobe-app\node_modules\autoprefixer\lib\autoprefixer.js

(@D:\Personal\Belajar Ngoding\anti-gravity\outfit\wardrobe-app\postcss.config.js)
Error: Loading PostCSS Plugin failed: Cannot find module 'caniuse-lite/dist/unpacker/agents'
Require stack:
- D:\Personal\Belajar Ngoding\anti-gravity\outfit\wardrobe-app\node_modules\browserslist\index.js
- D:\Personal\Belajar Ngoding\anti-gravity\outfit\wardrobe-app\node_modules\autoprefixer\lib\autoprefixer.js

(@D:\Personal\Belajar Ngoding\anti-gravity\outfit\wardrobe-app\postcss.config.js)
    at load (file:///D:/Personal/Belajar%20Ngoding/anti-gravity/outfit/wardrobe-app/node_modules/vite/dist/node/chunks/node.js:19651:10)
    at async Promise.all (index 1)
    at async plugins (file:///D:/Personal/Belajar%20Ngoding/anti-gravity/outfit/wardrobe-app/node_modules/vite/dist/node/chunks/node.js:19673:11)
    at async processResult (file:///D:/Personal/Belajar%20Ngoding/anti-gravity/outfit/wardrobe-app/node_modules/vite/dist/node/chunks/node.js:19711:13)[31m
    at aggregateBindingErrorsIntoJsError (file:///D:/Personal/Belajar%20Ngoding/anti-gravity/outfit/wardrobe-app/node_modules/rolldown/dist/shared/error-DL-e8-oE.mjs:48:18)
    at unwrapBindingResult (file:///D:/Personal/Belajar%20Ngoding/anti-gravity/outfit/wardrobe-app/node_modules/rolldown/dist/shared/error-DL-e8-oE.mjs:18:128)
    at #build (file:///D:/Personal/Belajar%20Ngoding/anti-gravity/outfit/wardrobe-app/node_modules/rolldown/dist/shared/rolldown-build-DSxL8qiP.mjs:3317:34)
    at async buildEnvironment (file:///D:/Personal/Belajar%20Ngoding/anti-gravity/outfit/wardrobe-app/node_modules/vite/dist/node/chunks/node.js:33018:64)
    at async Object.build (file:///D:/Personal/Belajar%20Ngoding/anti-gravity/outfit/wardrobe-app/node_modules/vite/dist/node/chunks/node.js:33440:19)
    at async Object.buildApp (file:///D:/Personal/Belajar%20Ngoding/anti-gravity/outfit/wardrobe-app/node_modules/vite/dist/node/chunks/node.js:33437:153)
    at async CAC.<anonymous> (file:///D:/Personal/Belajar%20Ngoding/anti-gravity/outfit/wardrobe-app/node_modules/vite/dist/node/cli.js:778:3) {
  errors: [Getter/Setter]
}[39m
